#! /usr/bin/vvp
:ivl_version "11.0 (stable)";
:ivl_delay_selection "TYPICAL";
:vpi_time_precision + 0;
:vpi_module "/usr/lib/x86_64-linux-gnu/ivl/system.vpi";
:vpi_module "/usr/lib/x86_64-linux-gnu/ivl/vhdl_sys.vpi";
:vpi_module "/usr/lib/x86_64-linux-gnu/ivl/vhdl_textio.vpi";
:vpi_module "/usr/lib/x86_64-linux-gnu/ivl/v2005_math.vpi";
:vpi_module "/usr/lib/x86_64-linux-gnu/ivl/va_math.vpi";
:vpi_module "/usr/lib/x86_64-linux-gnu/ivl/v2009.vpi";
S_0x62a7c543b910 .scope package, "$unit" "$unit" 2 1;
 .timescale 0 0;
S_0x62a7c543baa0 .scope module, "tb" "tb" 3 9;
 .timescale 0 0;
v0x62a7c5461810_0 .var "t_a", 3 0;
v0x62a7c54618f0_0 .var "t_b", 3 0;
v0x62a7c5461990_0 .var "t_cin", 0 0;
v0x62a7c5461ab0_0 .net "t_cout", 0 0, L_0x62a7c5463880;  1 drivers
v0x62a7c5461ba0_0 .net "t_sum", 3 0, L_0x62a7c54640c0;  1 drivers
v0x62a7c5461c90_0 .var/str "vcd_file";
S_0x62a7c543bc30 .scope module, "DUT" "ripple_adder" 3 15, 4 15 0, S_0x62a7c543baa0;
 .timescale 0 0;
    .port_info 0 /INPUT 4 "a";
    .port_info 1 /INPUT 4 "b";
    .port_info 2 /INPUT 1 "cin";
    .port_info 3 /OUTPUT 4 "sum";
    .port_info 4 /OUTPUT 1 "cout";
v0x62a7c54610b0_0 .net "a", 3 0, v0x62a7c5461810_0;  1 drivers
v0x62a7c54611b0_0 .net "b", 3 0, v0x62a7c54618f0_0;  1 drivers
v0x62a7c5461290_0 .net "c1", 0 0, L_0x62a7c5461d30;  1 drivers
v0x62a7c5461380_0 .net "c2", 0 0, L_0x62a7c5462660;  1 drivers
v0x62a7c5461470_0 .net "c3", 0 0, L_0x62a7c5462e90;  1 drivers
v0x62a7c54615b0_0 .net "cin", 0 0, v0x62a7c5461990_0;  1 drivers
v0x62a7c5461650_0 .net "cout", 0 0, L_0x62a7c5463880;  alias, 1 drivers
v0x62a7c54616f0_0 .net "sum", 3 0, L_0x62a7c54640c0;  alias, 1 drivers
L_0x62a7c5462480 .part v0x62a7c5461810_0, 0, 1;
L_0x62a7c5462570 .part v0x62a7c54618f0_0, 0, 1;
L_0x62a7c5462d20 .part v0x62a7c5461810_0, 1, 1;
L_0x62a7c5462dc0 .part v0x62a7c54618f0_0, 1, 1;
L_0x62a7c54635e0 .part v0x62a7c5461810_0, 2, 1;
L_0x62a7c5463710 .part v0x62a7c54618f0_0, 2, 1;
L_0x62a7c5463f30 .part v0x62a7c5461810_0, 3, 1;
L_0x62a7c5463fd0 .part v0x62a7c54618f0_0, 3, 1;
L_0x62a7c54640c0 .concat8 [ 1 1 1 1], L_0x62a7c54621e0, L_0x62a7c5462a80, L_0x62a7c54632b0, L_0x62a7c5463c00;
S_0x62a7c543f4d0 .scope module, "FA0" "FA_Gate" 4 26, 5 20 0, S_0x62a7c543bc30;
 .timescale 0 0;
    .port_info 0 /INPUT 1 "a";
    .port_info 1 /INPUT 1 "b";
    .port_info 2 /INPUT 1 "cin";
    .port_info 3 /OUTPUT 1 "sum";
    .port_info 4 /OUTPUT 1 "cout";
L_0x62a7c5461d30/d .functor OR 1, L_0x62a7c5461fe0, L_0x62a7c5462370, C4<0>, C4<0>;
L_0x62a7c5461d30 .delay 1 (2,2,2) L_0x62a7c5461d30/d;
L_0x62a7c5461e40/d .functor XOR 1, L_0x62a7c5462480, L_0x62a7c5462570, C4<0>, C4<0>;
L_0x62a7c5461e40 .delay 1 (2,2,2) L_0x62a7c5461e40/d;
L_0x62a7c5461fe0/d .functor AND 1, L_0x62a7c5462480, L_0x62a7c5462570, C4<1>, C4<1>;
L_0x62a7c5461fe0 .delay 1 (2,2,2) L_0x62a7c5461fe0/d;
L_0x62a7c54621e0/d .functor XOR 1, v0x62a7c5461990_0, L_0x62a7c5461e40, C4<0>, C4<0>;
L_0x62a7c54621e0 .delay 1 (2,2,2) L_0x62a7c54621e0/d;
L_0x62a7c5462370/d .functor AND 1, v0x62a7c5461990_0, L_0x62a7c5461e40, C4<1>, C4<1>;
L_0x62a7c5462370 .delay 1 (2,2,2) L_0x62a7c5462370/d;
v0x62a7c5432470_0 .net "a", 0 0, L_0x62a7c5462480;  1 drivers
v0x62a7c5430ba0_0 .net "b", 0 0, L_0x62a7c5462570;  1 drivers
v0x62a7c542f2d0_0 .net "cin", 0 0, v0x62a7c5461990_0;  alias, 1 drivers
v0x62a7c542d9d0_0 .net "cout", 0 0, L_0x62a7c5461d30;  alias, 1 drivers
v0x62a7c545f240_0 .net "pc1", 0 0, L_0x62a7c5461fe0;  1 drivers
v0x62a7c545f350_0 .net "pc2", 0 0, L_0x62a7c5462370;  1 drivers
v0x62a7c545f410_0 .net "ps", 0 0, L_0x62a7c5461e40;  1 drivers
v0x62a7c545f4d0_0 .net "sum", 0 0, L_0x62a7c54621e0;  1 drivers
S_0x62a7c545f630 .scope module, "FA1" "FA_Gate" 4 27, 5 20 0, S_0x62a7c543bc30;
 .timescale 0 0;
    .port_info 0 /INPUT 1 "a";
    .port_info 1 /INPUT 1 "b";
    .port_info 2 /INPUT 1 "cin";
    .port_info 3 /OUTPUT 1 "sum";
    .port_info 4 /OUTPUT 1 "cout";
L_0x62a7c5462660/d .functor OR 1, L_0x62a7c5462880, L_0x62a7c5462bc0, C4<0>, C4<0>;
L_0x62a7c5462660 .delay 1 (2,2,2) L_0x62a7c5462660/d;
L_0x62a7c5462770/d .functor XOR 1, L_0x62a7c5462d20, L_0x62a7c5462dc0, C4<0>, C4<0>;
L_0x62a7c5462770 .delay 1 (2,2,2) L_0x62a7c5462770/d;
L_0x62a7c5462880/d .functor AND 1, L_0x62a7c5462d20, L_0x62a7c5462dc0, C4<1>, C4<1>;
L_0x62a7c5462880 .delay 1 (2,2,2) L_0x62a7c5462880/d;
L_0x62a7c5462a80/d .functor XOR 1, L_0x62a7c5461d30, L_0x62a7c5462770, C4<0>, C4<0>;
L_0x62a7c5462a80 .delay 1 (2,2,2) L_0x62a7c5462a80/d;
L_0x62a7c5462bc0/d .functor AND 1, L_0x62a7c5461d30, L_0x62a7c5462770, C4<1>, C4<1>;
L_0x62a7c5462bc0 .delay 1 (2,2,2) L_0x62a7c5462bc0/d;
v0x62a7c545f830_0 .net "a", 0 0, L_0x62a7c5462d20;  1 drivers
v0x62a7c545f8f0_0 .net "b", 0 0, L_0x62a7c5462dc0;  1 drivers
v0x62a7c545f9b0_0 .net "cin", 0 0, L_0x62a7c5461d30;  alias, 1 drivers
v0x62a7c545fa50_0 .net "cout", 0 0, L_0x62a7c5462660;  alias, 1 drivers
v0x62a7c545faf0_0 .net "pc1", 0 0, L_0x62a7c5462880;  1 drivers
v0x62a7c545fbe0_0 .net "pc2", 0 0, L_0x62a7c5462bc0;  1 drivers
v0x62a7c545fca0_0 .net "ps", 0 0, L_0x62a7c5462770;  1 drivers
v0x62a7c545fd60_0 .net "sum", 0 0, L_0x62a7c5462a80;  1 drivers
S_0x62a7c545fec0 .scope module, "FA2" "FA_Gate" 4 28, 5 20 0, S_0x62a7c543bc30;
 .timescale 0 0;
    .port_info 0 /INPUT 1 "a";
    .port_info 1 /INPUT 1 "b";
    .port_info 2 /INPUT 1 "cin";
    .port_info 3 /OUTPUT 1 "sum";
    .port_info 4 /OUTPUT 1 "cout";
L_0x62a7c5462e90/d .functor OR 1, L_0x62a7c54630b0, L_0x62a7c5463480, C4<0>, C4<0>;
L_0x62a7c5462e90 .delay 1 (2,2,2) L_0x62a7c5462e90/d;
L_0x62a7c5462fa0/d .functor XOR 1, L_0x62a7c54635e0, L_0x62a7c5463710, C4<0>, C4<0>;
L_0x62a7c5462fa0 .delay 1 (2,2,2) L_0x62a7c5462fa0/d;
L_0x62a7c54630b0/d .functor AND 1, L_0x62a7c54635e0, L_0x62a7c5463710, C4<1>, C4<1>;
L_0x62a7c54630b0 .delay 1 (2,2,2) L_0x62a7c54630b0/d;
L_0x62a7c54632b0/d .functor XOR 1, L_0x62a7c5462660, L_0x62a7c5462fa0, C4<0>, C4<0>;
L_0x62a7c54632b0 .delay 1 (2,2,2) L_0x62a7c54632b0/d;
L_0x62a7c5463480/d .functor AND 1, L_0x62a7c5462660, L_0x62a7c5462fa0, C4<1>, C4<1>;
L_0x62a7c5463480 .delay 1 (2,2,2) L_0x62a7c5463480/d;
v0x62a7c54600d0_0 .net "a", 0 0, L_0x62a7c54635e0;  1 drivers
v0x62a7c5460190_0 .net "b", 0 0, L_0x62a7c5463710;  1 drivers
v0x62a7c5460250_0 .net "cin", 0 0, L_0x62a7c5462660;  alias, 1 drivers
v0x62a7c5460350_0 .net "cout", 0 0, L_0x62a7c5462e90;  alias, 1 drivers
v0x62a7c54603f0_0 .net "pc1", 0 0, L_0x62a7c54630b0;  1 drivers
v0x62a7c54604e0_0 .net "pc2", 0 0, L_0x62a7c5463480;  1 drivers
v0x62a7c54605a0_0 .net "ps", 0 0, L_0x62a7c5462fa0;  1 drivers
v0x62a7c5460660_0 .net "sum", 0 0, L_0x62a7c54632b0;  1 drivers
S_0x62a7c54607c0 .scope module, "FA3" "FA_Gate" 4 29, 5 20 0, S_0x62a7c543bc30;
 .timescale 0 0;
    .port_info 0 /INPUT 1 "a";
    .port_info 1 /INPUT 1 "b";
    .port_info 2 /INPUT 1 "cin";
    .port_info 3 /OUTPUT 1 "sum";
    .port_info 4 /OUTPUT 1 "cout";
L_0x62a7c5463880/d .functor OR 1, L_0x62a7c5463a00, L_0x62a7c5463dd0, C4<0>, C4<0>;
L_0x62a7c5463880 .delay 1 (2,2,2) L_0x62a7c5463880/d;
L_0x62a7c5463940/d .functor XOR 1, L_0x62a7c5463f30, L_0x62a7c5463fd0, C4<0>, C4<0>;
L_0x62a7c5463940 .delay 1 (2,2,2) L_0x62a7c5463940/d;
L_0x62a7c5463a00/d .functor AND 1, L_0x62a7c5463f30, L_0x62a7c5463fd0, C4<1>, C4<1>;
L_0x62a7c5463a00 .delay 1 (2,2,2) L_0x62a7c5463a00/d;
L_0x62a7c5463c00/d .functor XOR 1, L_0x62a7c5462e90, L_0x62a7c5463940, C4<0>, C4<0>;
L_0x62a7c5463c00 .delay 1 (2,2,2) L_0x62a7c5463c00/d;
L_0x62a7c5463dd0/d .functor AND 1, L_0x62a7c5462e90, L_0x62a7c5463940, C4<1>, C4<1>;
L_0x62a7c5463dd0 .delay 1 (2,2,2) L_0x62a7c5463dd0/d;
v0x62a7c54609a0_0 .net "a", 0 0, L_0x62a7c5463f30;  1 drivers
v0x62a7c5460a80_0 .net "b", 0 0, L_0x62a7c5463fd0;  1 drivers
v0x62a7c5460b40_0 .net "cin", 0 0, L_0x62a7c5462e90;  alias, 1 drivers
v0x62a7c5460c40_0 .net "cout", 0 0, L_0x62a7c5463880;  alias, 1 drivers
v0x62a7c5460ce0_0 .net "pc1", 0 0, L_0x62a7c5463a00;  1 drivers
v0x62a7c5460dd0_0 .net "pc2", 0 0, L_0x62a7c5463dd0;  1 drivers
v0x62a7c5460e90_0 .net "ps", 0 0, L_0x62a7c5463940;  1 drivers
v0x62a7c5460f50_0 .net "sum", 0 0, L_0x62a7c5463c00;  1 drivers
    .scope S_0x62a7c543baa0;
T_0 ;
    %vpi_func 3 26 "$value$plusargs" 32, "vcd=%s", v0x62a7c5461c90_0 {0 0 0};
    %cmpi/ne 0, 0, 32;
    %jmp/0xz  T_0.0, 4;
    %vpi_call/w 3 27 "$dumpfile", v0x62a7c5461c90_0 {0 0 0};
    %vpi_call/w 3 28 "$dumpvars", 32'sb00000000000000000000000000000000, S_0x62a7c543bc30 {0 0 0};
T_0.0 ;
    %end;
    .thread T_0;
    .scope S_0x62a7c543baa0;
T_1 ;
    %pushi/vec4 0, 0, 4;
    %store/vec4 v0x62a7c5461810_0, 0, 4;
    %pushi/vec4 0, 0, 4;
    %store/vec4 v0x62a7c54618f0_0, 0, 4;
    %pushi/vec4 0, 0, 1;
    %store/vec4 v0x62a7c5461990_0, 0, 1;
    %delay 20, 0;
    %pushi/vec4 7, 0, 4;
    %store/vec4 v0x62a7c5461810_0, 0, 4;
    %pushi/vec4 1, 0, 4;
    %store/vec4 v0x62a7c54618f0_0, 0, 4;
    %pushi/vec4 0, 0, 1;
    %store/vec4 v0x62a7c5461990_0, 0, 1;
    %delay 20, 0;
    %pushi/vec4 15, 0, 4;
    %store/vec4 v0x62a7c5461810_0, 0, 4;
    %pushi/vec4 1, 0, 4;
    %store/vec4 v0x62a7c54618f0_0, 0, 4;
    %pushi/vec4 0, 0, 1;
    %store/vec4 v0x62a7c5461990_0, 0, 1;
    %delay 20, 0;
    %pushi/vec4 5, 0, 4;
    %store/vec4 v0x62a7c5461810_0, 0, 4;
    %pushi/vec4 3, 0, 4;
    %store/vec4 v0x62a7c54618f0_0, 0, 4;
    %pushi/vec4 1, 0, 1;
    %store/vec4 v0x62a7c5461990_0, 0, 1;
    %delay 20, 0;
    %pushi/vec4 10, 0, 4;
    %store/vec4 v0x62a7c5461810_0, 0, 4;
    %pushi/vec4 5, 0, 4;
    %store/vec4 v0x62a7c54618f0_0, 0, 4;
    %pushi/vec4 0, 0, 1;
    %store/vec4 v0x62a7c5461990_0, 0, 1;
    %delay 20, 0;
    %vpi_call/w 3 38 "$finish" {0 0 0};
    %end;
    .thread T_1;
    .scope S_0x62a7c543baa0;
T_2 ;
    %vpi_call/w 3 42 "$monitor", $time, " a=%b b=%b cin=%b | sum=%b cout=%b", v0x62a7c5461810_0, v0x62a7c54618f0_0, v0x62a7c5461990_0, v0x62a7c5461ba0_0, v0x62a7c5461ab0_0 {0 0 0};
    %end;
    .thread T_2;
# The file index is used to find the file name in the following table.
:file_names 6;
    "N/A";
    "<interactive>";
    "-";
    "tb.v";
    "ripple_adder.v";
    "FA_Gate.v";
